[INFO] Scanning for projects...
[INFO] 
[INFO] ------------------< com.marketplace:mini-marketplace >------------------
[INFO] Building mini-marketplace 0.0.1-SNAPSHOT
[INFO]   from pom.xml
[INFO] --------------------------------[ jar ]---------------------------------
[INFO] 
[INFO] --- resources:3.3.1:resources (default-resources) @ mini-marketplace ---
[INFO] Copying 2 resources from src\main\resources to target\classes
[INFO] Copying 4 resources from src\main\resources to target\classes
[INFO] 
[INFO] --- compiler:3.13.0:compile (default-compile) @ mini-marketplace ---
[INFO] Nothing to compile - all classes are up to date.
[INFO] 
[INFO] --- resources:3.3.1:testResources (default-testResources) @ mini-marketplace ---
[INFO] skip non existing resourceDirectory e:\CSE\3-2\Lab\CSE 3220 Software Engineering and Project Management LAB\project2\sa-hcc5142-swlab_mini_marketplace_project\src\test\resources
[INFO] 
[INFO] --- compiler:3.13.0:testCompile (default-testCompile) @ mini-marketplace ---
[INFO] Recompiling the module because of changed source code.
[INFO] Compiling 13 source files with javac [debug parameters release 21] to target\test-classes
[INFO] Annotation processing is enabled because one or more processors were found
  on the class path. A future release of javac may disable annotation processing
  unless at least one processor is specified by name (-processor), or a search
  path is specified (--processor-path, --processor-module-path), or annotation
  processing is enabled explicitly (-proc:only, -proc:full).
  Use -Xlint:-options to suppress this message.
  Use -proc:none to disable annotation processing.
[INFO] 
[INFO] --- surefire:3.2.5:test (default-test) @ mini-marketplace ---
[INFO] Using auto detected provider org.apache.maven.surefire.junitplatform.JUnitPlatformProvider
[INFO] 
[INFO] -------------------------------------------------------
[INFO]  T E S T S
[INFO] -------------------------------------------------------
[INFO] Running com.marketplace.service.AdminServiceTest
[INFO] Tests run: 4, Failures: 0, Errors: 0, Skipped: 0, Time elapsed: 3.025 s -- in com.marketplace.service.AdminServiceTest
[INFO] Running com.marketplace.service.AuthServiceTest
[INFO] Tests run: 4, Failures: 0, Errors: 0, Skipped: 0, Time elapsed: 0.149 s -- in com.marketplace.service.AuthServiceTest
[INFO] Running com.marketplace.service.OrderServiceTest
[INFO] Tests run: 5, Failures: 0, Errors: 0, Skipped: 0, Time elapsed: 0.489 s -- in com.marketplace.service.OrderServiceTest
[INFO] Running com.marketplace.service.ProductAuthorizationServiceTest
[INFO] Tests run: 9, Failures: 0, Errors: 0, Skipped: 0, Time elapsed: 0.074 s -- in com.marketplace.service.ProductAuthorizationServiceTest
[INFO] Running com.marketplace.service.ProductServiceTest
[INFO] Tests run: 8, Failures: 0, Errors: 0, Skipped: 0, Time elapsed: 0.075 s -- in com.marketplace.service.ProductServiceTest
[INFO] Running com.marketplace.service.ReviewServiceTest
[INFO] Tests run: 6, Failures: 0, Errors: 0, Skipped: 0, Time elapsed: 0.253 s -- in com.marketplace.service.ReviewServiceTest
[INFO] 
[INFO] Results:
[INFO] 
[INFO] Tests run: 36, Failures: 0, Errors: 0, Skipped: 0
[INFO] 
[INFO] ------------------------------------------------------------------------
[INFO] BUILD SUCCESS
[INFO] ------------------------------------------------------------------------
[INFO] Total time:  18.870 s
[INFO] Finished at: 2026-04-03T23:12:18+06:00
[INFO] ------------------------------------------------------------------------
